// Jest Snapshot v1, https://goo.gl/fbAQLP

exports[`renders Author without crashing  1`] = `
<div>
  <div />
</div>
`;
