// Jest Snapshot v1, https://goo.gl/fbAQLP

exports[`renders Biography without crashing 1`] = `
<div>
  <div />
</div>
`;
